Reusing configuration cache.
> Task :app:preBuild UP-TO-DATE
> Task :app:generateDebugAssets UP-TO-DATE
> Task :app:processDebugGoogleServices UP-TO-DATE
> Task :app:preDebugBuild UP-TO-DATE
> Task :app:mergeDebugNativeDebugMetadata NO-SOURCE
> Task :app:generateDebugResources UP-TO-DATE
> Task :app:generateDebugBuildConfig UP-TO-DATE
> Task :app:javaPreCompileDebug UP-TO-DATE
> Task :app:packageDebugResources UP-TO-DATE
> Task :app:generateDebugGlobalSynthetics UP-TO-DATE
> Task :app:checkDebugDuplicateClasses UP-TO-DATE
> Task :app:desugarDebugFileDependencies UP-TO-DATE
> Task :app:processDebugNavigationResources UP-TO-DATE
> Task :app:parseDebugLocalResources UP-TO-DATE
> Task :app:generateDebugRFile UP-TO-DATE
> Task :app:mergeLibDexDebug UP-TO-DATE
> Task :app:mergeDebugAssets UP-TO-DATE
> Task :app:compressDebugAssets UP-TO-DATE
> Task :app:mapDebugSourceSetPaths UP-TO-DATE
> Task :app:compileDebugNavigationResources UP-TO-DATE
> Task :app:mergeExtDexDebug UP-TO-DATE
> Task :app:createDebugCompatibleScreenManifests UP-TO-DATE
> Task :app:extractDeepLinksDebug UP-TO-DATE
> Task :app:checkDebugAarMetadata UP-TO-DATE
> Task :app:mergeDebugJniLibFolders UP-TO-DATE
> Task :app:mergeDebugResources UP-TO-DATE
> Task :app:validateSigningDebug UP-TO-DATE
> Task :app:writeDebugAppMetadata UP-TO-DATE
> Task :app:writeDebugSigningConfigVersions UP-TO-DATE
> Task :app:mergeDebugNativeLibs UP-TO-DATE
> Task :app:stripDebugDebugSymbols UP-TO-DATE
> Task :app:processDebugMainManifest UP-TO-DATE
> Task :app:processDebugManifest UP-TO-DATE
> Task :app:processDebugManifestForPackage UP-TO-DATE
> Task :app:processDebugResources UP-TO-DATE
> Task :app:kspDebugKotlin
> Task :app:compileDebugKotlin
w: file:///C:/Users/Feelings%20Of%20Hearts/AndroidStudioProjects/version9/app/src/main/java/com/example/data/notification/FlareFirebaseMessagingService.kt:21:18 This declaration overrides a deprecated member but is not marked as deprecated itself. Add the '@Deprecated' annotation or suppress the diagnostic.
w: file:///C:/Users/Feelings%20Of%20Hearts/AndroidStudioProjects/version9/app/src/main/java/com/example/data/notification/FlareFirebaseMessagingService.kt:106:45 'val token: Task<String!>' is deprecated. Deprecated in Java.
w: file:///C:/Users/Feelings%20Of%20Hearts/AndroidStudioProjects/version9/app/src/main/java/com/example/ui/screens/DialogsAndSheets.kt:68:57 'static field SOFT_INPUT_ADJUST_RESIZE: Int' is deprecated. Deprecated in Java.
w: file:///C:/Users/Feelings%20Of%20Hearts/AndroidStudioProjects/version9/app/src/main/java/com/example/ui/screens/FlareNumberScreens.kt:1209:38 'val Icons.Filled.VolumeOff: ImageVector' is deprecated. Use the AutoMirrored version at Icons.AutoMirrored.Filled.VolumeOff.
w: file:///C:/Users/Feelings%20Of%20Hearts/AndroidStudioProjects/version9/app/src/main/java/com/example/ui/screens/FlareNumberScreens.kt:1213:53 'val Icons.Filled.Send: ImageVector' is deprecated. Use the AutoMirrored version at Icons.AutoMirrored.Filled.Send.
w: file:///C:/Users/Feelings%20Of%20Hearts/AndroidStudioProjects/version9/app/src/main/java/com/example/ui/screens/ModerationCenter.kt:569:32 'val Icons.Filled.KeyboardArrowLeft: ImageVector' is deprecated. Use the AutoMirrored version at Icons.AutoMirrored.Filled.KeyboardArrowLeft.
w: file:///C:/Users/Feelings%20Of%20Hearts/AndroidStudioProjects/version9/app/src/main/java/com/example/ui/screens/ModerationCenter.kt:575:32 'val Icons.Filled.KeyboardArrowRight: ImageVector' is deprecated. Use the AutoMirrored version at Icons.AutoMirrored.Filled.KeyboardArrowRight.
w: file:///C:/Users/Feelings%20Of%20Hearts/AndroidStudioProjects/version9/app/src/main/java/com/example/ui/screens/ModerationCenter.kt:957:53 'val Icons.Outlined.FactCheck: ImageVector' is deprecated. Use the AutoMirrored version at Icons.AutoMirrored.Outlined.FactCheck.
w: file:///C:/Users/Feelings%20Of%20Hearts/AndroidStudioProjects/version9/app/src/main/java/com/example/ui/screens/ModerationCenter.kt:1090:49 'val Icons.Outlined.Undo: ImageVector' is deprecated. Use the AutoMirrored version at Icons.AutoMirrored.Outlined.Undo.
w: file:///C:/Users/Feelings%20Of%20Hearts/AndroidStudioProjects/version9/app/src/main/java/com/example/ui/screens/PersonalIdScreens.kt:560:27 'val Icons.Filled.FactCheck: ImageVector' is deprecated. Use the AutoMirrored version at Icons.AutoMirrored.Filled.FactCheck.
w: file:///C:/Users/Feelings%20Of%20Hearts/AndroidStudioProjects/version9/app/src/main/java/com/example/ui/screens/PersonalIdScreens.kt:615:27 'val Icons.Filled.Logout: ImageVector' is deprecated. Use the AutoMirrored version at Icons.AutoMirrored.Filled.Logout.
w: file:///C:/Users/Feelings%20Of%20Hearts/AndroidStudioProjects/version9/app/src/main/java/com/example/ui/screens/PersonalIdScreens.kt:1089:39 'val Icons.Filled.InsertDriveFile: ImageVector' is deprecated. Use the AutoMirrored version at Icons.AutoMirrored.Filled.InsertDriveFile.
w: file:///C:/Users/Feelings%20Of%20Hearts/AndroidStudioProjects/version9/app/src/main/java/com/example/ui/screens/PersonalIdScreens.kt:1491:27 'val Icons.Filled.KeyboardArrowRight: ImageVector' is deprecated. Use the AutoMirrored version at Icons.AutoMirrored.Filled.KeyboardArrowRight.
w: file:///C:/Users/Feelings%20Of%20Hearts/AndroidStudioProjects/version9/app/src/main/java/com/example/ui/screens/PersonalIdScreens.kt:1588:47 'val Icons.Filled.InsertDriveFile: ImageVector' is deprecated. Use the AutoMirrored version at Icons.AutoMirrored.Filled.InsertDriveFile.
w: file:///C:/Users/Feelings%20Of%20Hearts/AndroidStudioProjects/version9/app/src/main/java/com/example/ui/screens/WalletScreen.kt:224:102 'val Icons.Filled.ReceiptLong: ImageVector' is deprecated. Use the AutoMirrored version at Icons.AutoMirrored.Filled.ReceiptLong.
w: file:///C:/Users/Feelings%20Of%20Hearts/AndroidStudioProjects/version9/app/src/main/java/com/example/ui/screens/WalletScreen.kt:233:45 'val Icons.Outlined.ReceiptLong: ImageVector' is deprecated. Use the AutoMirrored version at Icons.AutoMirrored.Outlined.ReceiptLong.
w: file:///C:/Users/Feelings%20Of%20Hearts/AndroidStudioProjects/version9/app/src/main/java/com/example/ui/screens/WalletScreen.kt:500:49 'val Icons.Outlined.ReceiptLong: ImageVector' is deprecated. Use the AutoMirrored version at Icons.AutoMirrored.Outlined.ReceiptLong.

> Task :app:processDebugJavaRes
> Task :app:compileDebugJavaWithJavac
> Task :app:mergeDebugJavaResource
> Task :app:dexBuilderDebug
> Task :app:mergeProjectDexDebug
> Task :app:packageDebug
> Task :app:assembleDebug
> Task :app:createDebugApkListingFileRedirect
w: Detected multiple Kotlin daemon sessions at 

BUILD SUCCESSFUL in 6m 9s
40 actionable tasks: 9 executed, 31 up-to-date
Configuration cache entry reused.
