Reusing configuration cache.
> Task :app:preBuild UP-TO-DATE
> Task :app:generateDebugAssets UP-TO-DATE
> Task :app:preDebugBuild UP-TO-DATE
> Task :app:processDebugGoogleServices UP-TO-DATE
> Task :app:mergeDebugNativeDebugMetadata NO-SOURCE
> Task :app:generateDebugResources UP-TO-DATE
> Task :app:generateDebugBuildConfig UP-TO-DATE
> Task :app:javaPreCompileDebug UP-TO-DATE
> Task :app:packageDebugResources UP-TO-DATE
> Task :app:generateDebugGlobalSynthetics UP-TO-DATE
> Task :app:mergeDebugAssets UP-TO-DATE
> Task :app:compressDebugAssets UP-TO-DATE
> Task :app:desugarDebugFileDependencies UP-TO-DATE
> Task :app:kspDebugKotlin UP-TO-DATE
> Task :app:mapDebugSourceSetPaths UP-TO-DATE
> Task :app:processDebugNavigationResources UP-TO-DATE
> Task :app:checkDebugDuplicateClasses UP-TO-DATE
> Task :app:parseDebugLocalResources UP-TO-DATE
> Task :app:generateDebugRFile UP-TO-DATE
> Task :app:mergeDebugResources UP-TO-DATE
> Task :app:mergeLibDexDebug UP-TO-DATE
> Task :app:compileDebugNavigationResources UP-TO-DATE
> Task :app:createDebugCompatibleScreenManifests UP-TO-DATE
> Task :app:extractDeepLinksDebug UP-TO-DATE
> Task :app:mergeExtDexDebug UP-TO-DATE
> Task :app:mergeDebugJniLibFolders UP-TO-DATE
> Task :app:checkDebugAarMetadata UP-TO-DATE
> Task :app:mergeDebugNativeLibs UP-TO-DATE
> Task :app:stripDebugDebugSymbols UP-TO-DATE
> Task :app:writeDebugAppMetadata UP-TO-DATE
> Task :app:writeDebugSigningConfigVersions UP-TO-DATE
> Task :app:processDebugMainManifest UP-TO-DATE
> Task :app:processDebugManifest UP-TO-DATE
> Task :app:processDebugManifestForPackage UP-TO-DATE
> Task :app:validateSigningDebug UP-TO-DATE
> Task :app:processDebugResources UP-TO-DATE
> Task :app:compileDebugKotlin
e: file:///C:/Users/Feelings%20Of%20Hearts/AndroidStudioProjects/version9/app/src/main/java/com/example/data/notification/FlareFirebaseMessagingService.kt:154:57 Suspend function 'suspend fun saveDeviceToken(deviceId: String, fcmToken: String): Boolean' can only be called from a coroutine or another suspend function.
e: file:///C:/Users/Feelings%20Of%20Hearts/AndroidStudioProjects/version9/app/src/main/java/com/example/data/notification/NotificationHelper.kt:126:17 Unresolved reference 'bypassDnd'.
e: file:///C:/Users/Feelings%20Of%20Hearts/AndroidStudioProjects/version9/app/src/main/java/com/example/data/repository/SocialRepository.kt:423:44 Argument type mismatch: actual type is 'Long', but 'String' was expected.
e: file:///C:/Users/Feelings%20Of%20Hearts/AndroidStudioProjects/version9/app/src/main/java/com/example/data/repository/SocialRepository.kt:663:40 Argument type mismatch: actual type is 'Long', but 'String' was expected.
e: file:///C:/Users/Feelings%20Of%20Hearts/AndroidStudioProjects/version9/app/src/main/java/com/example/data/repository/SocialRepository.kt:676:40 Argument type mismatch: actual type is 'Long', but 'String' was expected.
e: file:///C:/Users/Feelings%20Of%20Hearts/AndroidStudioProjects/version9/app/src/main/java/com/example/data/repository/SocialRepository.kt:685:42 Argument type mismatch: actual type is 'Long', but 'String' was expected.

> Task :app:compileDebugKotlin FAILED

FAILURE: Build failed with an exception.

* What went wrong:
Execution failed for task ':app:compileDebugKotlin' (registered by plugin 'com.android.internal.application').
> A failure occurred while executing org.jetbrains.kotlin.compilerRunner.GradleCompilerRunnerWithWorkers$GradleKotlinCompilerWorkAction
   > Compilation error. See log for more details

* Try:
> Run with --stacktrace option to get the stack trace.
> Run with --info or --debug option to get more log output.
> Run with --scan to get full insights from a Build Scan (powered by Develocity).
> Get more help at https://help.gradle.org.

BUILD FAILED in 51s
33 actionable tasks: 1 executed, 32 up-to-date
Configuration cache entry reused.
